stm32f4xx_ll_tim.h:1125:22:LL_TIM_EnableCounter	16	static
stm32f4xx_ll_tim.h:1610:22:LL_TIM_CC_EnableChannel	16	static
stm32f4xx_ll_tim.h:1635:22:LL_TIM_CC_DisableChannel	16	static
stm32f4xx_ll_tim.h:3458:22:LL_TIM_EnableIT_UPDATE	16	static
stm32f4xx_ll_usart.h:1815:26:LL_USART_IsActiveFlag_TXE	16	static
stm32f4xx_ll_usart.h:2036:22:LL_USART_EnableIT_RXNE	40	static,ignoring_inline_asm
stm32f4xx_ll_usart.h:2427:22:LL_USART_TransmitData8	16	static
stm32f4xx_ll_gpio.h:882:22:LL_GPIO_SetOutputPin	16	static
stm32f4xx_ll_gpio.h:911:22:LL_GPIO_ResetOutputPin	16	static
stm32f4xx_ll_gpio.h:940:22:LL_GPIO_TogglePin	24	static
main.c:40:5:_write	32	static
main.c:115:5:main	120	static
main.c:638:6:SystemClock_Config	88	static
main.c:678:5:Is_iBus_Throttle_Min	8	static
main.c:693:6:ESC_Calibration	8	static
main.c:707:5:Is_iBus_Received	8	static
main.c:722:6:BNO080_Calibration	96	static
main.c:845:6:HAL_UART_RxCpltCallback	16	static
main.c:883:6:Encode_Msg_AHRS	24	static
main.c:922:6:Encode_Msg_PID_Gain	40	static
main.c:949:6:Receive_Pid_Gain	16	static
main.c:1078:6:Error_Handler	4	static,ignoring_inline_asm
