stm32f4xx_ll_tim.h:3183:22:LL_TIM_ClearFlag_UPDATE	16	static
stm32f4xx_ll_tim.h:3194:26:LL_TIM_IsActiveFlag_UPDATE	16	static
stm32f4xx_ll_usart.h:1793:26:LL_USART_IsActiveFlag_RXNE	16	static
stm32f4xx_ll_usart.h:1980:22:LL_USART_ClearFlag_RXNE	16	static
stm32f4xx_ll_usart.h:2404:25:LL_USART_ReceiveData8	16	static
stm32f4xx_it.c:85:6:NMI_Handler	4	static
stm32f4xx_it.c:100:6:HardFault_Handler	4	static
stm32f4xx_it.c:115:6:MemManage_Handler	4	static
stm32f4xx_it.c:130:6:BusFault_Handler	4	static
stm32f4xx_it.c:145:6:UsageFault_Handler	4	static
stm32f4xx_it.c:160:6:SVC_Handler	4	static
stm32f4xx_it.c:173:6:DebugMon_Handler	4	static
stm32f4xx_it.c:186:6:PendSV_Handler	4	static
stm32f4xx_it.c:199:6:SysTick_Handler	8	static
stm32f4xx_it.c:220:6:USART1_IRQHandler	8	static
stm32f4xx_it.c:234:6:UART5_IRQHandler	8	static
stm32f4xx_it.c:284:6:TIM7_IRQHandler	8	static
stm32f4xx_it.c:343:6:USART6_IRQHandler	8	static
